// Jest Snapshot v1, https://goo.gl/fbAQLP

exports[`Paper renders correctly 1`] = `
<div>
  <div
    class="paper undefined"
    style="width: 128px; height: 128px; box-shadow: 0px 2px 1px -1px rgba(0,0,0,0.2),0px 1px 1px 0px rgba(0,0,0,0.14),0px 1px 3px 0px rgba(0,0,0,0.12);"
  >
    Some content
  </div>
</div>
`;
