// Jest Snapshot v1, https://goo.gl/fbAQLP

exports[`Select renders correctly 1`] = `
<div>
  <div
    class="select"
  >
    <div
      class="select__value select__value_size_undefined select__value_ select__value_ select__value_"
    >
      Option 1
       
      <svg
        aria-hidden="true"
        class="icon icon_"
        focusable="false"
        viewBox="0 0 24 24"
      >
        <path
          d="M7 10l5 5 5-5z"
        />
      </svg>
    </div>
  </div>
</div>
`;
